MPLINK 5.08, LINKER
Linker Map File - Created Mon Dec 12 13:35:17 2016

                                 Section Info
                  Section       Type    Address   Location Size(Bytes)
                ---------  ---------  ---------  ---------  ---------
                   .org_0       code   0x000000    program   0x0001a6
                   .cinit    romdata   0x0001a6    program   0x000002
.config_300001_BUILD/DEFAULT/PRODUCTION/LCD_INI    romdata   0x300001    program   0x000001
.config_300002_BUILD/DEFAULT/PRODUCTION/LCD_INI    romdata   0x300002    program   0x000001
.config_300003_BUILD/DEFAULT/PRODUCTION/LCD_INI    romdata   0x300003    program   0x000001
.config_300005_BUILD/DEFAULT/PRODUCTION/LCD_INI    romdata   0x300005    program   0x000001
.config_300006_BUILD/DEFAULT/PRODUCTION/LCD_INI    romdata   0x300006    program   0x000001



                              Program Memory Usage 
                               Start         End      
                           ---------   ---------      
                            0x000000    0x0001a7      
                            0x300001    0x300003      
                            0x300005    0x300006      
            429 out of 33048 program addresses used, program memory utilization is 1%



                              Symbols - Sorted by Name
                     Name    Address   Location    Storage File                     
                ---------  ---------  ---------  --------- ---------                
                    BUCLE   0x000132    program     static D:\MPLABXProjects\Practicas_curso_basico\2_LCD_init.X\LCD_init.asm
                    START   0x000004    program     static D:\MPLABXProjects\Practicas_curso_basico\2_LCD_init.X\LCD_init.asm
             retardo100us   0x00018e    program     static D:\MPLABXProjects\Practicas_curso_basico\2_LCD_init.X\LCD_init.asm
       retardo100usINICIO   0x000192    program     static D:\MPLABXProjects\Practicas_curso_basico\2_LCD_init.X\LCD_init.asm
              retardo15ms   0x000136    program     static D:\MPLABXProjects\Practicas_curso_basico\2_LCD_init.X\LCD_init.asm
        retardo15msINICIO   0x00013e    program     static D:\MPLABXProjects\Practicas_curso_basico\2_LCD_init.X\LCD_init.asm
              retardo40ms   0x00014c    program     static D:\MPLABXProjects\Practicas_curso_basico\2_LCD_init.X\LCD_init.asm
        retardo40msINICIO   0x000154    program     static D:\MPLABXProjects\Practicas_curso_basico\2_LCD_init.X\LCD_init.asm
              retardo40us   0x00019a    program     static D:\MPLABXProjects\Practicas_curso_basico\2_LCD_init.X\LCD_init.asm
        retardo40usINICIO   0x00019e    program     static D:\MPLABXProjects\Practicas_curso_basico\2_LCD_init.X\LCD_init.asm
             retardo4_1ms   0x000178    program     static D:\MPLABXProjects\Practicas_curso_basico\2_LCD_init.X\LCD_init.asm
       retardo4_1msINICIO   0x000180    program     static D:\MPLABXProjects\Practicas_curso_basico\2_LCD_init.X\LCD_init.asm
               retardo5ms   0x000162    program     static D:\MPLABXProjects\Practicas_curso_basico\2_LCD_init.X\LCD_init.asm
         retardo5msINICIO   0x00016a    program     static D:\MPLABXProjects\Practicas_curso_basico\2_LCD_init.X\LCD_init.asm



                              Symbols - Sorted by Address
                     Name    Address   Location    Storage File                     
                ---------  ---------  ---------  --------- ---------                
                    START   0x000004    program     static D:\MPLABXProjects\Practicas_curso_basico\2_LCD_init.X\LCD_init.asm
                    BUCLE   0x000132    program     static D:\MPLABXProjects\Practicas_curso_basico\2_LCD_init.X\LCD_init.asm
              retardo15ms   0x000136    program     static D:\MPLABXProjects\Practicas_curso_basico\2_LCD_init.X\LCD_init.asm
        retardo15msINICIO   0x00013e    program     static D:\MPLABXProjects\Practicas_curso_basico\2_LCD_init.X\LCD_init.asm
              retardo40ms   0x00014c    program     static D:\MPLABXProjects\Practicas_curso_basico\2_LCD_init.X\LCD_init.asm
        retardo40msINICIO   0x000154    program     static D:\MPLABXProjects\Practicas_curso_basico\2_LCD_init.X\LCD_init.asm
               retardo5ms   0x000162    program     static D:\MPLABXProjects\Practicas_curso_basico\2_LCD_init.X\LCD_init.asm
         retardo5msINICIO   0x00016a    program     static D:\MPLABXProjects\Practicas_curso_basico\2_LCD_init.X\LCD_init.asm
             retardo4_1ms   0x000178    program     static D:\MPLABXProjects\Practicas_curso_basico\2_LCD_init.X\LCD_init.asm
       retardo4_1msINICIO   0x000180    program     static D:\MPLABXProjects\Practicas_curso_basico\2_LCD_init.X\LCD_init.asm
             retardo100us   0x00018e    program     static D:\MPLABXProjects\Practicas_curso_basico\2_LCD_init.X\LCD_init.asm
       retardo100usINICIO   0x000192    program     static D:\MPLABXProjects\Practicas_curso_basico\2_LCD_init.X\LCD_init.asm
              retardo40us   0x00019a    program     static D:\MPLABXProjects\Practicas_curso_basico\2_LCD_init.X\LCD_init.asm
        retardo40usINICIO   0x00019e    program     static D:\MPLABXProjects\Practicas_curso_basico\2_LCD_init.X\LCD_init.asm


